running egg_info
creating ../../build/road_boundary_follower_pkg/road_boundary_follower_pkg.egg-info
writing ../../build/road_boundary_follower_pkg/road_boundary_follower_pkg.egg-info/PKG-INFO
writing dependency_links to ../../build/road_boundary_follower_pkg/road_boundary_follower_pkg.egg-info/dependency_links.txt
writing entry points to ../../build/road_boundary_follower_pkg/road_boundary_follower_pkg.egg-info/entry_points.txt
writing requirements to ../../build/road_boundary_follower_pkg/road_boundary_follower_pkg.egg-info/requires.txt
writing top-level names to ../../build/road_boundary_follower_pkg/road_boundary_follower_pkg.egg-info/top_level.txt
writing manifest file '../../build/road_boundary_follower_pkg/road_boundary_follower_pkg.egg-info/SOURCES.txt'
reading manifest file '../../build/road_boundary_follower_pkg/road_boundary_follower_pkg.egg-info/SOURCES.txt'
writing manifest file '../../build/road_boundary_follower_pkg/road_boundary_follower_pkg.egg-info/SOURCES.txt'
running build
running build_py
creating /home/user/S14P21A603/src/ros2_docker/workspace/unity_ros2_ws/build/road_boundary_follower_pkg/build
creating /home/user/S14P21A603/src/ros2_docker/workspace/unity_ros2_ws/build/road_boundary_follower_pkg/build/lib
creating /home/user/S14P21A603/src/ros2_docker/workspace/unity_ros2_ws/build/road_boundary_follower_pkg/build/lib/road_boundary_follower_pkg
copying road_boundary_follower_pkg/__init__.py -> /home/user/S14P21A603/src/ros2_docker/workspace/unity_ros2_ws/build/road_boundary_follower_pkg/build/lib/road_boundary_follower_pkg
copying road_boundary_follower_pkg/road_boundary_follower.py -> /home/user/S14P21A603/src/ros2_docker/workspace/unity_ros2_ws/build/road_boundary_follower_pkg/build/lib/road_boundary_follower_pkg
running install
running install_lib
creating /home/user/S14P21A603/src/ros2_docker/workspace/unity_ros2_ws/install/road_boundary_follower_pkg/lib/python3.10/site-packages/road_boundary_follower_pkg
copying /home/user/S14P21A603/src/ros2_docker/workspace/unity_ros2_ws/build/road_boundary_follower_pkg/build/lib/road_boundary_follower_pkg/__init__.py -> /home/user/S14P21A603/src/ros2_docker/workspace/unity_ros2_ws/install/road_boundary_follower_pkg/lib/python3.10/site-packages/road_boundary_follower_pkg
copying /home/user/S14P21A603/src/ros2_docker/workspace/unity_ros2_ws/build/road_boundary_follower_pkg/build/lib/road_boundary_follower_pkg/road_boundary_follower.py -> /home/user/S14P21A603/src/ros2_docker/workspace/unity_ros2_ws/install/road_boundary_follower_pkg/lib/python3.10/site-packages/road_boundary_follower_pkg
byte-compiling /home/user/S14P21A603/src/ros2_docker/workspace/unity_ros2_ws/install/road_boundary_follower_pkg/lib/python3.10/site-packages/road_boundary_follower_pkg/__init__.py to __init__.cpython-310.pyc
byte-compiling /home/user/S14P21A603/src/ros2_docker/workspace/unity_ros2_ws/install/road_boundary_follower_pkg/lib/python3.10/site-packages/road_boundary_follower_pkg/road_boundary_follower.py to road_boundary_follower.cpython-310.pyc
running install_data
creating /home/user/S14P21A603/src/ros2_docker/workspace/unity_ros2_ws/install/road_boundary_follower_pkg/share/ament_index
creating /home/user/S14P21A603/src/ros2_docker/workspace/unity_ros2_ws/install/road_boundary_follower_pkg/share/ament_index/resource_index
creating /home/user/S14P21A603/src/ros2_docker/workspace/unity_ros2_ws/install/road_boundary_follower_pkg/share/ament_index/resource_index/packages
copying resource/road_boundary_follower_pkg -> /home/user/S14P21A603/src/ros2_docker/workspace/unity_ros2_ws/install/road_boundary_follower_pkg/share/ament_index/resource_index/packages
copying package.xml -> /home/user/S14P21A603/src/ros2_docker/workspace/unity_ros2_ws/install/road_boundary_follower_pkg/share/road_boundary_follower_pkg
creating /home/user/S14P21A603/src/ros2_docker/workspace/unity_ros2_ws/install/road_boundary_follower_pkg/share/road_boundary_follower_pkg/launch
copying launch/road_boundary_follower_launch.py -> /home/user/S14P21A603/src/ros2_docker/workspace/unity_ros2_ws/install/road_boundary_follower_pkg/share/road_boundary_follower_pkg/launch
running install_egg_info
Copying ../../build/road_boundary_follower_pkg/road_boundary_follower_pkg.egg-info to /home/user/S14P21A603/src/ros2_docker/workspace/unity_ros2_ws/install/road_boundary_follower_pkg/lib/python3.10/site-packages/road_boundary_follower_pkg-0.0.0-py3.10.egg-info
running install_scripts
Installing road_boundary_follower script to /home/user/S14P21A603/src/ros2_docker/workspace/unity_ros2_ws/install/road_boundary_follower_pkg/lib/road_boundary_follower_pkg
writing list of installed files to '/home/user/S14P21A603/src/ros2_docker/workspace/unity_ros2_ws/build/road_boundary_follower_pkg/install.log'
