[0.489s] Invoking command in '/home/user/S14P21A603/src/ros2_docker/workspace/unity_ros2_ws/src/road_boundary_follower_pkg': PYTHONPATH=/home/user/S14P21A603/src/ros2_docker/workspace/unity_ros2_ws/build/road_boundary_follower_pkg/prefix_override:/usr/lib/python3/dist-packages/colcon_core/task/python/colcon_distutils_commands:/home/user/S14P21A603/src/ros2_docker/workspace/unity_ros2_ws/install/road_boundary_follower_pkg/lib/python3.10/site-packages:${PYTHONPATH} /usr/bin/python3 -W ignore:setup.py install is deprecated -W ignore:easy_install command is deprecated setup.py egg_info --egg-base ../../build/road_boundary_follower_pkg build --build-base /home/user/S14P21A603/src/ros2_docker/workspace/unity_ros2_ws/build/road_boundary_follower_pkg/build install --record /home/user/S14P21A603/src/ros2_docker/workspace/unity_ros2_ws/build/road_boundary_follower_pkg/install.log --single-version-externally-managed install_data
[0.618s] running egg_info
[0.619s] creating ../../build/road_boundary_follower_pkg/road_boundary_follower_pkg.egg-info
[0.619s] writing ../../build/road_boundary_follower_pkg/road_boundary_follower_pkg.egg-info/PKG-INFO
[0.619s] writing dependency_links to ../../build/road_boundary_follower_pkg/road_boundary_follower_pkg.egg-info/dependency_links.txt
[0.620s] writing entry points to ../../build/road_boundary_follower_pkg/road_boundary_follower_pkg.egg-info/entry_points.txt
[0.620s] writing requirements to ../../build/road_boundary_follower_pkg/road_boundary_follower_pkg.egg-info/requires.txt
[0.620s] writing top-level names to ../../build/road_boundary_follower_pkg/road_boundary_follower_pkg.egg-info/top_level.txt
[0.620s] writing manifest file '../../build/road_boundary_follower_pkg/road_boundary_follower_pkg.egg-info/SOURCES.txt'
[0.620s] reading manifest file '../../build/road_boundary_follower_pkg/road_boundary_follower_pkg.egg-info/SOURCES.txt'
[0.621s] writing manifest file '../../build/road_boundary_follower_pkg/road_boundary_follower_pkg.egg-info/SOURCES.txt'
[0.621s] running build
[0.621s] running build_py
[0.621s] creating /home/user/S14P21A603/src/ros2_docker/workspace/unity_ros2_ws/build/road_boundary_follower_pkg/build
[0.621s] creating /home/user/S14P21A603/src/ros2_docker/workspace/unity_ros2_ws/build/road_boundary_follower_pkg/build/lib
[0.621s] creating /home/user/S14P21A603/src/ros2_docker/workspace/unity_ros2_ws/build/road_boundary_follower_pkg/build/lib/road_boundary_follower_pkg
[0.621s] copying road_boundary_follower_pkg/__init__.py -> /home/user/S14P21A603/src/ros2_docker/workspace/unity_ros2_ws/build/road_boundary_follower_pkg/build/lib/road_boundary_follower_pkg
[0.621s] copying road_boundary_follower_pkg/road_boundary_follower.py -> /home/user/S14P21A603/src/ros2_docker/workspace/unity_ros2_ws/build/road_boundary_follower_pkg/build/lib/road_boundary_follower_pkg
[0.621s] running install
[0.622s] running install_lib
[0.622s] creating /home/user/S14P21A603/src/ros2_docker/workspace/unity_ros2_ws/install/road_boundary_follower_pkg/lib/python3.10/site-packages/road_boundary_follower_pkg
[0.623s] copying /home/user/S14P21A603/src/ros2_docker/workspace/unity_ros2_ws/build/road_boundary_follower_pkg/build/lib/road_boundary_follower_pkg/__init__.py -> /home/user/S14P21A603/src/ros2_docker/workspace/unity_ros2_ws/install/road_boundary_follower_pkg/lib/python3.10/site-packages/road_boundary_follower_pkg
[0.623s] copying /home/user/S14P21A603/src/ros2_docker/workspace/unity_ros2_ws/build/road_boundary_follower_pkg/build/lib/road_boundary_follower_pkg/road_boundary_follower.py -> /home/user/S14P21A603/src/ros2_docker/workspace/unity_ros2_ws/install/road_boundary_follower_pkg/lib/python3.10/site-packages/road_boundary_follower_pkg
[0.623s] byte-compiling /home/user/S14P21A603/src/ros2_docker/workspace/unity_ros2_ws/install/road_boundary_follower_pkg/lib/python3.10/site-packages/road_boundary_follower_pkg/__init__.py to __init__.cpython-310.pyc
[0.623s] byte-compiling /home/user/S14P21A603/src/ros2_docker/workspace/unity_ros2_ws/install/road_boundary_follower_pkg/lib/python3.10/site-packages/road_boundary_follower_pkg/road_boundary_follower.py to road_boundary_follower.cpython-310.pyc
[0.623s] running install_data
[0.623s] creating /home/user/S14P21A603/src/ros2_docker/workspace/unity_ros2_ws/install/road_boundary_follower_pkg/share/ament_index
[0.623s] creating /home/user/S14P21A603/src/ros2_docker/workspace/unity_ros2_ws/install/road_boundary_follower_pkg/share/ament_index/resource_index
[0.623s] creating /home/user/S14P21A603/src/ros2_docker/workspace/unity_ros2_ws/install/road_boundary_follower_pkg/share/ament_index/resource_index/packages
[0.623s] copying resource/road_boundary_follower_pkg -> /home/user/S14P21A603/src/ros2_docker/workspace/unity_ros2_ws/install/road_boundary_follower_pkg/share/ament_index/resource_index/packages
[0.623s] copying package.xml -> /home/user/S14P21A603/src/ros2_docker/workspace/unity_ros2_ws/install/road_boundary_follower_pkg/share/road_boundary_follower_pkg
[0.623s] creating /home/user/S14P21A603/src/ros2_docker/workspace/unity_ros2_ws/install/road_boundary_follower_pkg/share/road_boundary_follower_pkg/launch
[0.624s] copying launch/road_boundary_follower_launch.py -> /home/user/S14P21A603/src/ros2_docker/workspace/unity_ros2_ws/install/road_boundary_follower_pkg/share/road_boundary_follower_pkg/launch
[0.624s] running install_egg_info
[0.624s] Copying ../../build/road_boundary_follower_pkg/road_boundary_follower_pkg.egg-info to /home/user/S14P21A603/src/ros2_docker/workspace/unity_ros2_ws/install/road_boundary_follower_pkg/lib/python3.10/site-packages/road_boundary_follower_pkg-0.0.0-py3.10.egg-info
[0.624s] running install_scripts
[0.639s] Installing road_boundary_follower script to /home/user/S14P21A603/src/ros2_docker/workspace/unity_ros2_ws/install/road_boundary_follower_pkg/lib/road_boundary_follower_pkg
[0.639s] writing list of installed files to '/home/user/S14P21A603/src/ros2_docker/workspace/unity_ros2_ws/build/road_boundary_follower_pkg/install.log'
[0.655s] Invoked command in '/home/user/S14P21A603/src/ros2_docker/workspace/unity_ros2_ws/src/road_boundary_follower_pkg' returned '0': PYTHONPATH=/home/user/S14P21A603/src/ros2_docker/workspace/unity_ros2_ws/build/road_boundary_follower_pkg/prefix_override:/usr/lib/python3/dist-packages/colcon_core/task/python/colcon_distutils_commands:/home/user/S14P21A603/src/ros2_docker/workspace/unity_ros2_ws/install/road_boundary_follower_pkg/lib/python3.10/site-packages:${PYTHONPATH} /usr/bin/python3 -W ignore:setup.py install is deprecated -W ignore:easy_install command is deprecated setup.py egg_info --egg-base ../../build/road_boundary_follower_pkg build --build-base /home/user/S14P21A603/src/ros2_docker/workspace/unity_ros2_ws/build/road_boundary_follower_pkg/build install --record /home/user/S14P21A603/src/ros2_docker/workspace/unity_ros2_ws/build/road_boundary_follower_pkg/install.log --single-version-externally-managed install_data
