[0.424s] Invoking command in '/home/seungyeon9944/Desktop/S14P21A603/src/ros2_docker/workspace/unity_ros2_ws/src/ROS-TCP-Endpoint': PYTHONPATH=/home/seungyeon9944/Desktop/S14P21A603/src/ros2_docker/workspace/unity_ros2_ws/build/ros_tcp_endpoint/prefix_override:/usr/lib/python3/dist-packages/colcon_core/task/python/colcon_distutils_commands:/home/seungyeon9944/Desktop/S14P21A603/src/ros2_docker/workspace/unity_ros2_ws/install/ros_tcp_endpoint/lib/python3.10/site-packages:${PYTHONPATH} /usr/bin/python3 -W ignore:setup.py install is deprecated -W ignore:easy_install command is deprecated setup.py egg_info --egg-base ../../build/ros_tcp_endpoint build --build-base /home/seungyeon9944/Desktop/S14P21A603/src/ros2_docker/workspace/unity_ros2_ws/build/ros_tcp_endpoint/build install --record /home/seungyeon9944/Desktop/S14P21A603/src/ros2_docker/workspace/unity_ros2_ws/build/ros_tcp_endpoint/install.log --install-scripts $base/lib/ros_tcp_endpoint --single-version-externally-managed install_data
[0.538s] /usr/lib/python3/dist-packages/setuptools/dist.py:723: UserWarning: Usage of dash-separated 'script-dir' will not be supported in future versions. Please use the underscore name 'script_dir' instead
[0.538s]   warnings.warn(
[0.542s] running egg_info
[0.543s] creating ../../build/ros_tcp_endpoint/ros_tcp_endpoint.egg-info
[0.543s] writing ../../build/ros_tcp_endpoint/ros_tcp_endpoint.egg-info/PKG-INFO
[0.543s] writing dependency_links to ../../build/ros_tcp_endpoint/ros_tcp_endpoint.egg-info/dependency_links.txt
[0.543s] writing entry points to ../../build/ros_tcp_endpoint/ros_tcp_endpoint.egg-info/entry_points.txt
[0.543s] writing requirements to ../../build/ros_tcp_endpoint/ros_tcp_endpoint.egg-info/requires.txt
[0.543s] writing top-level names to ../../build/ros_tcp_endpoint/ros_tcp_endpoint.egg-info/top_level.txt
[0.544s] writing manifest file '../../build/ros_tcp_endpoint/ros_tcp_endpoint.egg-info/SOURCES.txt'
[0.544s] reading manifest file '../../build/ros_tcp_endpoint/ros_tcp_endpoint.egg-info/SOURCES.txt'
[0.544s] adding license file 'LICENSE'
[0.544s] writing manifest file '../../build/ros_tcp_endpoint/ros_tcp_endpoint.egg-info/SOURCES.txt'
[0.545s] running build
[0.545s] running build_py
[0.545s] creating /home/seungyeon9944/Desktop/S14P21A603/src/ros2_docker/workspace/unity_ros2_ws/build/ros_tcp_endpoint/build
[0.545s] creating /home/seungyeon9944/Desktop/S14P21A603/src/ros2_docker/workspace/unity_ros2_ws/build/ros_tcp_endpoint/build/lib
[0.545s] creating /home/seungyeon9944/Desktop/S14P21A603/src/ros2_docker/workspace/unity_ros2_ws/build/ros_tcp_endpoint/build/lib/ros_tcp_endpoint
[0.545s] copying ros_tcp_endpoint/subscriber.py -> /home/seungyeon9944/Desktop/S14P21A603/src/ros2_docker/workspace/unity_ros2_ws/build/ros_tcp_endpoint/build/lib/ros_tcp_endpoint
[0.545s] copying ros_tcp_endpoint/publisher.py -> /home/seungyeon9944/Desktop/S14P21A603/src/ros2_docker/workspace/unity_ros2_ws/build/ros_tcp_endpoint/build/lib/ros_tcp_endpoint
[0.545s] copying ros_tcp_endpoint/exceptions.py -> /home/seungyeon9944/Desktop/S14P21A603/src/ros2_docker/workspace/unity_ros2_ws/build/ros_tcp_endpoint/build/lib/ros_tcp_endpoint
[0.545s] copying ros_tcp_endpoint/__init__.py -> /home/seungyeon9944/Desktop/S14P21A603/src/ros2_docker/workspace/unity_ros2_ws/build/ros_tcp_endpoint/build/lib/ros_tcp_endpoint
[0.546s] copying ros_tcp_endpoint/service.py -> /home/seungyeon9944/Desktop/S14P21A603/src/ros2_docker/workspace/unity_ros2_ws/build/ros_tcp_endpoint/build/lib/ros_tcp_endpoint
[0.546s] copying ros_tcp_endpoint/default_server_endpoint.py -> /home/seungyeon9944/Desktop/S14P21A603/src/ros2_docker/workspace/unity_ros2_ws/build/ros_tcp_endpoint/build/lib/ros_tcp_endpoint
[0.546s] copying ros_tcp_endpoint/unity_service.py -> /home/seungyeon9944/Desktop/S14P21A603/src/ros2_docker/workspace/unity_ros2_ws/build/ros_tcp_endpoint/build/lib/ros_tcp_endpoint
[0.546s] copying ros_tcp_endpoint/tcp_sender.py -> /home/seungyeon9944/Desktop/S14P21A603/src/ros2_docker/workspace/unity_ros2_ws/build/ros_tcp_endpoint/build/lib/ros_tcp_endpoint
[0.546s] copying ros_tcp_endpoint/thread_pauser.py -> /home/seungyeon9944/Desktop/S14P21A603/src/ros2_docker/workspace/unity_ros2_ws/build/ros_tcp_endpoint/build/lib/ros_tcp_endpoint
[0.546s] copying ros_tcp_endpoint/communication.py -> /home/seungyeon9944/Desktop/S14P21A603/src/ros2_docker/workspace/unity_ros2_ws/build/ros_tcp_endpoint/build/lib/ros_tcp_endpoint
[0.546s] copying ros_tcp_endpoint/client.py -> /home/seungyeon9944/Desktop/S14P21A603/src/ros2_docker/workspace/unity_ros2_ws/build/ros_tcp_endpoint/build/lib/ros_tcp_endpoint
[0.546s] copying ros_tcp_endpoint/server.py -> /home/seungyeon9944/Desktop/S14P21A603/src/ros2_docker/workspace/unity_ros2_ws/build/ros_tcp_endpoint/build/lib/ros_tcp_endpoint
[0.546s] running install
[0.546s] running install_lib
[0.546s] creating /home/seungyeon9944/Desktop/S14P21A603/src/ros2_docker/workspace/unity_ros2_ws/install/ros_tcp_endpoint/lib/python3.10/site-packages/ros_tcp_endpoint
[0.546s] copying /home/seungyeon9944/Desktop/S14P21A603/src/ros2_docker/workspace/unity_ros2_ws/build/ros_tcp_endpoint/build/lib/ros_tcp_endpoint/subscriber.py -> /home/seungyeon9944/Desktop/S14P21A603/src/ros2_docker/workspace/unity_ros2_ws/install/ros_tcp_endpoint/lib/python3.10/site-packages/ros_tcp_endpoint
[0.547s] copying /home/seungyeon9944/Desktop/S14P21A603/src/ros2_docker/workspace/unity_ros2_ws/build/ros_tcp_endpoint/build/lib/ros_tcp_endpoint/publisher.py -> /home/seungyeon9944/Desktop/S14P21A603/src/ros2_docker/workspace/unity_ros2_ws/install/ros_tcp_endpoint/lib/python3.10/site-packages/ros_tcp_endpoint
[0.547s] copying /home/seungyeon9944/Desktop/S14P21A603/src/ros2_docker/workspace/unity_ros2_ws/build/ros_tcp_endpoint/build/lib/ros_tcp_endpoint/exceptions.py -> /home/seungyeon9944/Desktop/S14P21A603/src/ros2_docker/workspace/unity_ros2_ws/install/ros_tcp_endpoint/lib/python3.10/site-packages/ros_tcp_endpoint
[0.547s] copying /home/seungyeon9944/Desktop/S14P21A603/src/ros2_docker/workspace/unity_ros2_ws/build/ros_tcp_endpoint/build/lib/ros_tcp_endpoint/__init__.py -> /home/seungyeon9944/Desktop/S14P21A603/src/ros2_docker/workspace/unity_ros2_ws/install/ros_tcp_endpoint/lib/python3.10/site-packages/ros_tcp_endpoint
[0.547s] copying /home/seungyeon9944/Desktop/S14P21A603/src/ros2_docker/workspace/unity_ros2_ws/build/ros_tcp_endpoint/build/lib/ros_tcp_endpoint/service.py -> /home/seungyeon9944/Desktop/S14P21A603/src/ros2_docker/workspace/unity_ros2_ws/install/ros_tcp_endpoint/lib/python3.10/site-packages/ros_tcp_endpoint
[0.547s] copying /home/seungyeon9944/Desktop/S14P21A603/src/ros2_docker/workspace/unity_ros2_ws/build/ros_tcp_endpoint/build/lib/ros_tcp_endpoint/default_server_endpoint.py -> /home/seungyeon9944/Desktop/S14P21A603/src/ros2_docker/workspace/unity_ros2_ws/install/ros_tcp_endpoint/lib/python3.10/site-packages/ros_tcp_endpoint
[0.547s] copying /home/seungyeon9944/Desktop/S14P21A603/src/ros2_docker/workspace/unity_ros2_ws/build/ros_tcp_endpoint/build/lib/ros_tcp_endpoint/unity_service.py -> /home/seungyeon9944/Desktop/S14P21A603/src/ros2_docker/workspace/unity_ros2_ws/install/ros_tcp_endpoint/lib/python3.10/site-packages/ros_tcp_endpoint
[0.547s] copying /home/seungyeon9944/Desktop/S14P21A603/src/ros2_docker/workspace/unity_ros2_ws/build/ros_tcp_endpoint/build/lib/ros_tcp_endpoint/tcp_sender.py -> /home/seungyeon9944/Desktop/S14P21A603/src/ros2_docker/workspace/unity_ros2_ws/install/ros_tcp_endpoint/lib/python3.10/site-packages/ros_tcp_endpoint
[0.547s] copying /home/seungyeon9944/Desktop/S14P21A603/src/ros2_docker/workspace/unity_ros2_ws/build/ros_tcp_endpoint/build/lib/ros_tcp_endpoint/thread_pauser.py -> /home/seungyeon9944/Desktop/S14P21A603/src/ros2_docker/workspace/unity_ros2_ws/install/ros_tcp_endpoint/lib/python3.10/site-packages/ros_tcp_endpoint
[0.547s] copying /home/seungyeon9944/Desktop/S14P21A603/src/ros2_docker/workspace/unity_ros2_ws/build/ros_tcp_endpoint/build/lib/ros_tcp_endpoint/communication.py -> /home/seungyeon9944/Desktop/S14P21A603/src/ros2_docker/workspace/unity_ros2_ws/install/ros_tcp_endpoint/lib/python3.10/site-packages/ros_tcp_endpoint
[0.547s] copying /home/seungyeon9944/Desktop/S14P21A603/src/ros2_docker/workspace/unity_ros2_ws/build/ros_tcp_endpoint/build/lib/ros_tcp_endpoint/client.py -> /home/seungyeon9944/Desktop/S14P21A603/src/ros2_docker/workspace/unity_ros2_ws/install/ros_tcp_endpoint/lib/python3.10/site-packages/ros_tcp_endpoint
[0.547s] copying /home/seungyeon9944/Desktop/S14P21A603/src/ros2_docker/workspace/unity_ros2_ws/build/ros_tcp_endpoint/build/lib/ros_tcp_endpoint/server.py -> /home/seungyeon9944/Desktop/S14P21A603/src/ros2_docker/workspace/unity_ros2_ws/install/ros_tcp_endpoint/lib/python3.10/site-packages/ros_tcp_endpoint
[0.547s] byte-compiling /home/seungyeon9944/Desktop/S14P21A603/src/ros2_docker/workspace/unity_ros2_ws/install/ros_tcp_endpoint/lib/python3.10/site-packages/ros_tcp_endpoint/subscriber.py to subscriber.cpython-310.pyc
[0.547s] byte-compiling /home/seungyeon9944/Desktop/S14P21A603/src/ros2_docker/workspace/unity_ros2_ws/install/ros_tcp_endpoint/lib/python3.10/site-packages/ros_tcp_endpoint/publisher.py to publisher.cpython-310.pyc
[0.548s] byte-compiling /home/seungyeon9944/Desktop/S14P21A603/src/ros2_docker/workspace/unity_ros2_ws/install/ros_tcp_endpoint/lib/python3.10/site-packages/ros_tcp_endpoint/exceptions.py to exceptions.cpython-310.pyc
[0.548s] byte-compiling /home/seungyeon9944/Desktop/S14P21A603/src/ros2_docker/workspace/unity_ros2_ws/install/ros_tcp_endpoint/lib/python3.10/site-packages/ros_tcp_endpoint/__init__.py to __init__.cpython-310.pyc
[0.548s] byte-compiling /home/seungyeon9944/Desktop/S14P21A603/src/ros2_docker/workspace/unity_ros2_ws/install/ros_tcp_endpoint/lib/python3.10/site-packages/ros_tcp_endpoint/service.py to service.cpython-310.pyc
[0.548s] byte-compiling /home/seungyeon9944/Desktop/S14P21A603/src/ros2_docker/workspace/unity_ros2_ws/install/ros_tcp_endpoint/lib/python3.10/site-packages/ros_tcp_endpoint/default_server_endpoint.py to default_server_endpoint.cpython-310.pyc
[0.548s] byte-compiling /home/seungyeon9944/Desktop/S14P21A603/src/ros2_docker/workspace/unity_ros2_ws/install/ros_tcp_endpoint/lib/python3.10/site-packages/ros_tcp_endpoint/unity_service.py to unity_service.cpython-310.pyc
[0.548s] byte-compiling /home/seungyeon9944/Desktop/S14P21A603/src/ros2_docker/workspace/unity_ros2_ws/install/ros_tcp_endpoint/lib/python3.10/site-packages/ros_tcp_endpoint/tcp_sender.py to tcp_sender.cpython-310.pyc
[0.548s] byte-compiling /home/seungyeon9944/Desktop/S14P21A603/src/ros2_docker/workspace/unity_ros2_ws/install/ros_tcp_endpoint/lib/python3.10/site-packages/ros_tcp_endpoint/thread_pauser.py to thread_pauser.cpython-310.pyc
[0.548s] byte-compiling /home/seungyeon9944/Desktop/S14P21A603/src/ros2_docker/workspace/unity_ros2_ws/install/ros_tcp_endpoint/lib/python3.10/site-packages/ros_tcp_endpoint/communication.py to communication.cpython-310.pyc
[0.548s] byte-compiling /home/seungyeon9944/Desktop/S14P21A603/src/ros2_docker/workspace/unity_ros2_ws/install/ros_tcp_endpoint/lib/python3.10/site-packages/ros_tcp_endpoint/client.py to client.cpython-310.pyc
[0.549s] byte-compiling /home/seungyeon9944/Desktop/S14P21A603/src/ros2_docker/workspace/unity_ros2_ws/install/ros_tcp_endpoint/lib/python3.10/site-packages/ros_tcp_endpoint/server.py to server.cpython-310.pyc
[0.550s] running install_data
[0.550s] creating /home/seungyeon9944/Desktop/S14P21A603/src/ros2_docker/workspace/unity_ros2_ws/install/ros_tcp_endpoint/share/ament_index
[0.550s] creating /home/seungyeon9944/Desktop/S14P21A603/src/ros2_docker/workspace/unity_ros2_ws/install/ros_tcp_endpoint/share/ament_index/resource_index
[0.550s] creating /home/seungyeon9944/Desktop/S14P21A603/src/ros2_docker/workspace/unity_ros2_ws/install/ros_tcp_endpoint/share/ament_index/resource_index/packages
[0.550s] copying resource/ros_tcp_endpoint -> /home/seungyeon9944/Desktop/S14P21A603/src/ros2_docker/workspace/unity_ros2_ws/install/ros_tcp_endpoint/share/ament_index/resource_index/packages
[0.550s] copying package.xml -> /home/seungyeon9944/Desktop/S14P21A603/src/ros2_docker/workspace/unity_ros2_ws/install/ros_tcp_endpoint/share/ros_tcp_endpoint
[0.550s] creating /home/seungyeon9944/Desktop/S14P21A603/src/ros2_docker/workspace/unity_ros2_ws/install/ros_tcp_endpoint/share/ros_tcp_endpoint/launch
[0.550s] copying launch/endpoint.py -> /home/seungyeon9944/Desktop/S14P21A603/src/ros2_docker/workspace/unity_ros2_ws/install/ros_tcp_endpoint/share/ros_tcp_endpoint/launch
[0.550s] running install_egg_info
[0.551s] Copying ../../build/ros_tcp_endpoint/ros_tcp_endpoint.egg-info to /home/seungyeon9944/Desktop/S14P21A603/src/ros2_docker/workspace/unity_ros2_ws/install/ros_tcp_endpoint/lib/python3.10/site-packages/ros_tcp_endpoint-0.0.1-py3.10.egg-info
[0.551s] running install_scripts
[0.562s] Installing default_server_endpoint script to /home/seungyeon9944/Desktop/S14P21A603/src/ros2_docker/workspace/unity_ros2_ws/install/ros_tcp_endpoint/lib/ros_tcp_endpoint
[0.562s] writing list of installed files to '/home/seungyeon9944/Desktop/S14P21A603/src/ros2_docker/workspace/unity_ros2_ws/build/ros_tcp_endpoint/install.log'
[0.575s] Invoked command in '/home/seungyeon9944/Desktop/S14P21A603/src/ros2_docker/workspace/unity_ros2_ws/src/ROS-TCP-Endpoint' returned '0': PYTHONPATH=/home/seungyeon9944/Desktop/S14P21A603/src/ros2_docker/workspace/unity_ros2_ws/build/ros_tcp_endpoint/prefix_override:/usr/lib/python3/dist-packages/colcon_core/task/python/colcon_distutils_commands:/home/seungyeon9944/Desktop/S14P21A603/src/ros2_docker/workspace/unity_ros2_ws/install/ros_tcp_endpoint/lib/python3.10/site-packages:${PYTHONPATH} /usr/bin/python3 -W ignore:setup.py install is deprecated -W ignore:easy_install command is deprecated setup.py egg_info --egg-base ../../build/ros_tcp_endpoint build --build-base /home/seungyeon9944/Desktop/S14P21A603/src/ros2_docker/workspace/unity_ros2_ws/build/ros_tcp_endpoint/build install --record /home/seungyeon9944/Desktop/S14P21A603/src/ros2_docker/workspace/unity_ros2_ws/build/ros_tcp_endpoint/install.log --install-scripts $base/lib/ros_tcp_endpoint --single-version-externally-managed install_data
