running egg_info
writing ../build/lane_follow_pkg/lane_follow_pkg.egg-info/PKG-INFO
writing dependency_links to ../build/lane_follow_pkg/lane_follow_pkg.egg-info/dependency_links.txt
writing entry points to ../build/lane_follow_pkg/lane_follow_pkg.egg-info/entry_points.txt
writing requirements to ../build/lane_follow_pkg/lane_follow_pkg.egg-info/requires.txt
writing top-level names to ../build/lane_follow_pkg/lane_follow_pkg.egg-info/top_level.txt
reading manifest file '../build/lane_follow_pkg/lane_follow_pkg.egg-info/SOURCES.txt'
writing manifest file '../build/lane_follow_pkg/lane_follow_pkg.egg-info/SOURCES.txt'
running build
running build_py
copying lane_follow_pkg/lane_detect.py -> /home/seungyeon9944/Desktop/S14P21A603/src/ros2_docker/workspace/unity_ros2_ws/src/build/lane_follow_pkg/build/lib/lane_follow_pkg
running install
running install_lib
copying /home/seungyeon9944/Desktop/S14P21A603/src/ros2_docker/workspace/unity_ros2_ws/src/build/lane_follow_pkg/build/lib/lane_follow_pkg/lane_detect.py -> /home/seungyeon9944/Desktop/S14P21A603/src/ros2_docker/workspace/unity_ros2_ws/src/install/lane_follow_pkg/lib/python3.10/site-packages/lane_follow_pkg
byte-compiling /home/seungyeon9944/Desktop/S14P21A603/src/ros2_docker/workspace/unity_ros2_ws/src/install/lane_follow_pkg/lib/python3.10/site-packages/lane_follow_pkg/lane_detect.py to lane_detect.cpython-310.pyc
running install_data
Sorry: TabError: inconsistent use of tabs and spaces in indentation (lane_detect.py, line 73)
running install_egg_info
removing '/home/seungyeon9944/Desktop/S14P21A603/src/ros2_docker/workspace/unity_ros2_ws/src/install/lane_follow_pkg/lib/python3.10/site-packages/lane_follow_pkg-0.0.0-py3.10.egg-info' (and everything under it)
Copying ../build/lane_follow_pkg/lane_follow_pkg.egg-info to /home/seungyeon9944/Desktop/S14P21A603/src/ros2_docker/workspace/unity_ros2_ws/src/install/lane_follow_pkg/lib/python3.10/site-packages/lane_follow_pkg-0.0.0-py3.10.egg-info
running install_scripts
Installing lane_detect script to /home/seungyeon9944/Desktop/S14P21A603/src/ros2_docker/workspace/unity_ros2_ws/src/install/lane_follow_pkg/lib/lane_follow_pkg
writing list of installed files to '/home/seungyeon9944/Desktop/S14P21A603/src/ros2_docker/workspace/unity_ros2_ws/src/build/lane_follow_pkg/install.log'
