[0.346s] Invoking command in '/home/seungyeon9944/Desktop/S14P21A603/src/ros2_docker/workspace/unity_ros2_ws/src/lane_follow_pkg': PYTHONPATH=/home/seungyeon9944/Desktop/S14P21A603/src/ros2_docker/workspace/unity_ros2_ws/src/build/lane_follow_pkg/prefix_override:/usr/lib/python3/dist-packages/colcon_core/task/python/colcon_distutils_commands:/home/seungyeon9944/Desktop/S14P21A603/src/ros2_docker/workspace/unity_ros2_ws/src/install/lane_follow_pkg/lib/python3.10/site-packages:${PYTHONPATH} /usr/bin/python3 -W ignore:setup.py install is deprecated -W ignore:easy_install command is deprecated setup.py egg_info --egg-base ../build/lane_follow_pkg build --build-base /home/seungyeon9944/Desktop/S14P21A603/src/ros2_docker/workspace/unity_ros2_ws/src/build/lane_follow_pkg/build install --record /home/seungyeon9944/Desktop/S14P21A603/src/ros2_docker/workspace/unity_ros2_ws/src/build/lane_follow_pkg/install.log --single-version-externally-managed install_data
[0.470s] running egg_info
[0.470s] writing ../build/lane_follow_pkg/lane_follow_pkg.egg-info/PKG-INFO
[0.470s] writing dependency_links to ../build/lane_follow_pkg/lane_follow_pkg.egg-info/dependency_links.txt
[0.470s] writing entry points to ../build/lane_follow_pkg/lane_follow_pkg.egg-info/entry_points.txt
[0.470s] writing requirements to ../build/lane_follow_pkg/lane_follow_pkg.egg-info/requires.txt
[0.470s] writing top-level names to ../build/lane_follow_pkg/lane_follow_pkg.egg-info/top_level.txt
[0.471s] reading manifest file '../build/lane_follow_pkg/lane_follow_pkg.egg-info/SOURCES.txt'
[0.471s] writing manifest file '../build/lane_follow_pkg/lane_follow_pkg.egg-info/SOURCES.txt'
[0.472s] running build
[0.472s] running build_py
[0.472s] copying lane_follow_pkg/lane_detect.py -> /home/seungyeon9944/Desktop/S14P21A603/src/ros2_docker/workspace/unity_ros2_ws/src/build/lane_follow_pkg/build/lib/lane_follow_pkg
[0.472s] running install
[0.472s] running install_lib
[0.472s] copying /home/seungyeon9944/Desktop/S14P21A603/src/ros2_docker/workspace/unity_ros2_ws/src/build/lane_follow_pkg/build/lib/lane_follow_pkg/lane_detect.py -> /home/seungyeon9944/Desktop/S14P21A603/src/ros2_docker/workspace/unity_ros2_ws/src/install/lane_follow_pkg/lib/python3.10/site-packages/lane_follow_pkg
[0.472s] byte-compiling /home/seungyeon9944/Desktop/S14P21A603/src/ros2_docker/workspace/unity_ros2_ws/src/install/lane_follow_pkg/lib/python3.10/site-packages/lane_follow_pkg/lane_detect.py to lane_detect.cpython-310.pyc
[0.473s] running install_data
[0.473s] Sorry: TabError: inconsistent use of tabs and spaces in indentation (lane_detect.py, line 73)
[0.473s] running install_egg_info
[0.474s] removing '/home/seungyeon9944/Desktop/S14P21A603/src/ros2_docker/workspace/unity_ros2_ws/src/install/lane_follow_pkg/lib/python3.10/site-packages/lane_follow_pkg-0.0.0-py3.10.egg-info' (and everything under it)
[0.474s] Copying ../build/lane_follow_pkg/lane_follow_pkg.egg-info to /home/seungyeon9944/Desktop/S14P21A603/src/ros2_docker/workspace/unity_ros2_ws/src/install/lane_follow_pkg/lib/python3.10/site-packages/lane_follow_pkg-0.0.0-py3.10.egg-info
[0.474s] running install_scripts
[0.485s] Installing lane_detect script to /home/seungyeon9944/Desktop/S14P21A603/src/ros2_docker/workspace/unity_ros2_ws/src/install/lane_follow_pkg/lib/lane_follow_pkg
[0.485s] writing list of installed files to '/home/seungyeon9944/Desktop/S14P21A603/src/ros2_docker/workspace/unity_ros2_ws/src/build/lane_follow_pkg/install.log'
[0.499s] Invoked command in '/home/seungyeon9944/Desktop/S14P21A603/src/ros2_docker/workspace/unity_ros2_ws/src/lane_follow_pkg' returned '0': PYTHONPATH=/home/seungyeon9944/Desktop/S14P21A603/src/ros2_docker/workspace/unity_ros2_ws/src/build/lane_follow_pkg/prefix_override:/usr/lib/python3/dist-packages/colcon_core/task/python/colcon_distutils_commands:/home/seungyeon9944/Desktop/S14P21A603/src/ros2_docker/workspace/unity_ros2_ws/src/install/lane_follow_pkg/lib/python3.10/site-packages:${PYTHONPATH} /usr/bin/python3 -W ignore:setup.py install is deprecated -W ignore:easy_install command is deprecated setup.py egg_info --egg-base ../build/lane_follow_pkg build --build-base /home/seungyeon9944/Desktop/S14P21A603/src/ros2_docker/workspace/unity_ros2_ws/src/build/lane_follow_pkg/build install --record /home/seungyeon9944/Desktop/S14P21A603/src/ros2_docker/workspace/unity_ros2_ws/src/build/lane_follow_pkg/install.log --single-version-externally-managed install_data
