[0.482s] Invoking command in '/home/user/S14P21A603/src/ros2_docker/workspace/unity_ros2_ws/src/road_boundary_follower_pkg': PYTHONPATH=/home/user/S14P21A603/src/ros2_docker/workspace/unity_ros2_ws/build/road_boundary_follower_pkg/prefix_override:/usr/lib/python3/dist-packages/colcon_core/task/python/colcon_distutils_commands:/home/user/S14P21A603/src/ros2_docker/workspace/unity_ros2_ws/install/road_boundary_follower_pkg/lib/python3.10/site-packages:${PYTHONPATH} /usr/bin/python3 -W ignore:setup.py install is deprecated -W ignore:easy_install command is deprecated setup.py egg_info --egg-base ../../build/road_boundary_follower_pkg build --build-base /home/user/S14P21A603/src/ros2_docker/workspace/unity_ros2_ws/build/road_boundary_follower_pkg/build install --record /home/user/S14P21A603/src/ros2_docker/workspace/unity_ros2_ws/build/road_boundary_follower_pkg/install.log --single-version-externally-managed install_data
[0.622s] running egg_info
[0.622s] writing ../../build/road_boundary_follower_pkg/road_boundary_follower_pkg.egg-info/PKG-INFO
[0.623s] writing dependency_links to ../../build/road_boundary_follower_pkg/road_boundary_follower_pkg.egg-info/dependency_links.txt
[0.623s] writing entry points to ../../build/road_boundary_follower_pkg/road_boundary_follower_pkg.egg-info/entry_points.txt
[0.623s] writing requirements to ../../build/road_boundary_follower_pkg/road_boundary_follower_pkg.egg-info/requires.txt
[0.623s] writing top-level names to ../../build/road_boundary_follower_pkg/road_boundary_follower_pkg.egg-info/top_level.txt
[0.624s] reading manifest file '../../build/road_boundary_follower_pkg/road_boundary_follower_pkg.egg-info/SOURCES.txt'
[0.624s] writing manifest file '../../build/road_boundary_follower_pkg/road_boundary_follower_pkg.egg-info/SOURCES.txt'
[0.624s] running build
[0.624s] running build_py
[0.624s] copying road_boundary_follower_pkg/road_boundary_follower.py -> /home/user/S14P21A603/src/ros2_docker/workspace/unity_ros2_ws/build/road_boundary_follower_pkg/build/lib/road_boundary_follower_pkg
[0.624s] running install
[0.625s] running install_lib
[0.625s] copying /home/user/S14P21A603/src/ros2_docker/workspace/unity_ros2_ws/build/road_boundary_follower_pkg/build/lib/road_boundary_follower_pkg/road_boundary_follower.py -> /home/user/S14P21A603/src/ros2_docker/workspace/unity_ros2_ws/install/road_boundary_follower_pkg/lib/python3.10/site-packages/road_boundary_follower_pkg
[0.625s] byte-compiling /home/user/S14P21A603/src/ros2_docker/workspace/unity_ros2_ws/install/road_boundary_follower_pkg/lib/python3.10/site-packages/road_boundary_follower_pkg/road_boundary_follower.py to road_boundary_follower.cpython-310.pyc
[0.626s] running install_data
[0.627s] running install_egg_info
[0.628s] removing '/home/user/S14P21A603/src/ros2_docker/workspace/unity_ros2_ws/install/road_boundary_follower_pkg/lib/python3.10/site-packages/road_boundary_follower_pkg-0.0.0-py3.10.egg-info' (and everything under it)
[0.628s] Copying ../../build/road_boundary_follower_pkg/road_boundary_follower_pkg.egg-info to /home/user/S14P21A603/src/ros2_docker/workspace/unity_ros2_ws/install/road_boundary_follower_pkg/lib/python3.10/site-packages/road_boundary_follower_pkg-0.0.0-py3.10.egg-info
[0.628s] running install_scripts
[0.640s] Installing road_boundary_follower script to /home/user/S14P21A603/src/ros2_docker/workspace/unity_ros2_ws/install/road_boundary_follower_pkg/lib/road_boundary_follower_pkg
[0.640s] writing list of installed files to '/home/user/S14P21A603/src/ros2_docker/workspace/unity_ros2_ws/build/road_boundary_follower_pkg/install.log'
[0.658s] Invoked command in '/home/user/S14P21A603/src/ros2_docker/workspace/unity_ros2_ws/src/road_boundary_follower_pkg' returned '0': PYTHONPATH=/home/user/S14P21A603/src/ros2_docker/workspace/unity_ros2_ws/build/road_boundary_follower_pkg/prefix_override:/usr/lib/python3/dist-packages/colcon_core/task/python/colcon_distutils_commands:/home/user/S14P21A603/src/ros2_docker/workspace/unity_ros2_ws/install/road_boundary_follower_pkg/lib/python3.10/site-packages:${PYTHONPATH} /usr/bin/python3 -W ignore:setup.py install is deprecated -W ignore:easy_install command is deprecated setup.py egg_info --egg-base ../../build/road_boundary_follower_pkg build --build-base /home/user/S14P21A603/src/ros2_docker/workspace/unity_ros2_ws/build/road_boundary_follower_pkg/build install --record /home/user/S14P21A603/src/ros2_docker/workspace/unity_ros2_ws/build/road_boundary_follower_pkg/install.log --single-version-externally-managed install_data
